#-----------------------------------------------------------
# Vivado v2023.2 (64-bit)
# SW Build 4029153 on Fri Oct 13 20:14:34 MDT 2023
# IP Build 4028589 on Sat Oct 14 00:45:43 MDT 2023
# SharedData Build 4025554 on Tue Oct 10 17:18:54 MDT 2023
# Start of session at: Sat Mar 16 09:55:00 2024
# Process ID: 20104
# Current directory: C:/Users/D4nny/Documents/HDL/Cache/vivado2023.2
# Command line: vivado.exe -gui_launcher_event rodinguilauncherevent14296 C:\Users\D4nny\Documents\HDL\Cache\vivado2023.2\vivado2023.2.xpr
# Log file: C:/Users/D4nny/Documents/HDL/Cache/vivado2023.2/vivado.log
# Journal file: C:/Users/D4nny/Documents/HDL/Cache/vivado2023.2\vivado.jou
# Running On: RaijinPC, OS: Windows, CPU Frequency: 4200 MHz, CPU Physical cores: 32, Host memory: 33457 MB
#-----------------------------------------------------------
start_gui
open_project C:/Users/D4nny/Documents/HDL/Cache/vivado2023.2/vivado2023.2.xpr
update_compile_order -fileset sources_1
launch_simulation
open_wave_config C:/Users/D4nny/Documents/HDL/Cache/vivado2023.2/cache_tb_behav.wcfg
source cache_tb.tcl
run 200 us
run 200 us
relaunch_sim
relaunch_sim
relaunch_sim
relaunch_sim
save_wave_config {C:/Users/D4nny/Documents/HDL/Cache/vivado2023.2/cache_tb_behav.wcfg}
relaunch_sim
relaunch_sim
relaunch_sim
relaunch_sim
save_wave_config {C:/Users/D4nny/Documents/HDL/Cache/vivado2023.2/cache_tb_behav.wcfg}
add_files -norecurse C:/Users/D4nny/Documents/HDL/Cache/rtl/otter_mem.mem
relaunch_sim
relaunch_sim
close_sim
reset_run synth_1
launch_runs synth_1 -jobs 4
wait_on_run synth_1
launch_simulation
open_wave_config C:/Users/D4nny/Documents/HDL/Cache/vivado2023.2/cache_tb_behav.wcfg
source cache_tb.tcl
run 200 us
save_wave_config {C:/Users/D4nny/Documents/HDL/Cache/vivado2023.2/cache_tb_behav.wcfg}
relaunch_sim
relaunch_sim
relaunch_sim
relaunch_sim
run 200 us
close_sim
launch_simulation
open_wave_config C:/Users/D4nny/Documents/HDL/Cache/vivado2023.2/cache_tb_behav.wcfg
source cache_tb.tcl
save_wave_config {C:/Users/D4nny/Documents/HDL/Cache/vivado2023.2/cache_tb_behav.wcfg}
save_wave_config {C:/Users/D4nny/Documents/HDL/Cache/vivado2023.2/cache_tb_behav.wcfg}
update_compile_order -fileset sim_1
update_compile_order -fileset sim_1
relaunch_sim
save_wave_config {C:/Users/D4nny/Documents/HDL/Cache/vivado2023.2/cache_tb_behav.wcfg}
relaunch_sim
save_wave_config {C:/Users/D4nny/Documents/HDL/Cache/vivado2023.2/cache_tb_behav.wcfg}
relaunch_sim
relaunch_sim
relaunch_sim
relaunch_sim
relaunch_sim
relaunch_sim
run 200 us
save_wave_config {C:/Users/D4nny/Documents/HDL/Cache/vivado2023.2/cache_tb_behav.wcfg}
save_wave_config {C:/Users/D4nny/Documents/HDL/Cache/vivado2023.2/cache_tb_behav.wcfg}
relaunch_sim
run 200 us
relaunch_sim
relaunch_sim
run 200 us
save_wave_config {C:/Users/D4nny/Documents/HDL/Cache/vivado2023.2/cache_tb_behav.wcfg}
save_wave_config {C:/Users/D4nny/Documents/HDL/Cache/vivado2023.2/cache_tb_behav.wcfg}
save_wave_config {C:/Users/D4nny/Documents/HDL/Cache/vivado2023.2/cache_tb_behav.wcfg}
